warning: `#[diagnostic::do_not_recommend]` does not expect any arguments
  --> $DIR/does_not_acccept_args.rs:12:1
   |
LL | #[diagnostic::do_not_recommend(not_accepted)]
   | ^^^^^^^^^^^^^^^^^^^^^^^^^^^^^^^^^^^^^^^^^^^^^
   |
   = note: `#[warn(unknown_or_malformed_diagnostic_attributes)]` on by default

warning: `#[diagnostic::do_not_recommend]` does not expect any arguments
  --> $DIR/does_not_acccept_args.rs:16:1
   |
LL | #[diagnostic::do_not_recommend(not_accepted = "foo")]
   | ^^^^^^^^^^^^^^^^^^^^^^^^^^^^^^^^^^^^^^^^^^^^^^^^^^^^^

warning: `#[diagnostic::do_not_recommend]` does not expect any arguments
  --> $DIR/does_not_acccept_args.rs:20:1
   |
LL | #[diagnostic::do_not_recommend(not_accepted(42))]
   | ^^^^^^^^^^^^^^^^^^^^^^^^^^^^^^^^^^^^^^^^^^^^^^^^^

warning: 3 warnings emitted

