warning: Unknown diagnostic attribute
  --> $DIR/non_existing_attributes_accepted.rs:3:15
   |
LL | #[diagnostic::non_existing_attribute]
   |               ^^^^^^^^^^^^^^^^^^^^^^
   |
   = note: `#[warn(unknown_diagnostic_attribute)]` on by default

warning: Unknown diagnostic attribute
  --> $DIR/non_existing_attributes_accepted.rs:8:15
   |
LL | #[diagnostic::non_existing_attribute(with_option = "foo")]
   |               ^^^^^^^^^^^^^^^^^^^^^^

warning: 2 warnings emitted

